E:\Projet_Solo\lino_stats\src\lino_stats\tests_freq.py:262: RuntimeWarning: BCa acceleration undefined (zero jackknife variance); falling back to percentile CI.
  lo, hi = _bca_ci(cliffs_delta, (x, y), n_boot=n_boot, ci=ci, rng=rng)
E:\Projet_Solo\lino_stats\src\lino_stats\tests_freq.py:262: RuntimeWarning: BCa acceleration undefined (zero jackknife variance); falling back to percentile CI.
  lo, hi = _bca_ci(cliffs_delta, (x, y), n_boot=n_boot, ci=ci, rng=rng)
g++ not available, if using conda: `conda install gxx`
NUTS[nutpie]: [mu_block, sigma_beta, beta_offset, gamma, delta_block, sigma_u, u_offset, cut]
NUTS[nutpie]: [mu, sigma]
==============================================================================
LINO_STATS — run_all.py   (seed=42, smoke=False)
==============================================================================
[1] data: 69 patients (composite key OK); analysable PF n = 68 (49 cyc + 19 mén)
[2] Table 1 saved; age SMD = +0.381; baseline S1 lesion MWU p = 0.7779 (medians 0/0)
[3] PRIMARY PF contrast: Cliff δ = +0.5328 (large), MWU p = 0.00015, perm p = 0.00020 (monte-carlo)
    BCa 95% [+0.367, +0.683]; inversion 95% [+0.353, +0.674]
[4] sum-6 (demoted): Cliff δ = +0.2492, p two-sided = 0.0880, one-sided = 0.0440
[5] per-compartment saved (6 sites); PF-vs-FT (cyclops) Wilcoxon p = 0.00000, r_rb = +1.00 (PF worsened 28 vs FT 1)
[6a] M1 worsened_pf: cyc 0.57 [0.4376, 0.6951], mén 0.10 [0.0136, 0.2404]
[6b] M3 fitting (heterogeneous likelihood, 2-block pooling, nutpie)…
  [warn] netcdf save failed (AttributeError("module 'arviz' has no attribute 'to_netcdf'")); wrote summary to idata_m3.json
     M3 done in 15.2s (escalated=False); converged ok=True (r̂=1.002, ESS=1492, div=0)
     δ_PF=+2.56 HDI[1.085, 4.0207]  P(>0)=1.000
     δ_FT=-0.64 HDI[-1.7795, 0.3651]  P(>0)=0.125
     contrast(PF−FT)=+3.20 HDI[1.4494, 4.9748]  P(>0)=1.000
[6c] H4 inter_surgery_d (M4 Weibull AFT + M5 LogNormal)…
  [warn] netcdf save failed (AttributeError("module 'arviz' has no attribute 'to_netcdf'")); wrote summary to idata_m5.json
     isd medians cyc=240 / mén=518 (MWU p=0.00011, δ=-0.61)
     M5 LogNormal done in 1.2s; converged ok=True; median delay {'cyclops': 242.4, 'meniscus': 477.6}
  [warn] netcdf save failed (AttributeError("module 'arviz' has no attribute 'to_netcdf'")); wrote summary to idata_m4.json
  [warn] netcdf save failed (AttributeError("module 'arviz' has no attribute 'to_netcdf'")); wrote summary to idata_m1.json
[7] sport/métier sensitivity (worsened_pf): OR crude = 24.00 (p=0.003, n=68), adjusted = 23.23 (p=0.003, n=68)

==============================================================================
CONVERGENCE REPORT
==============================================================================
M3 (primary): ok=True  r̂_max=1.0021  ESS_bulk_min=1492  divergences=0  escalated=False
M5 (H4 lognormal): ok=True  r̂_max=1.0004  ESS_bulk_min=7855  divergences=0
M4 (Weibull AFT): lifelines MLE — no MCMC convergence (fit ok=True)

==============================================================================
CANONICAL NUMBERS (vs reference)
==============================================================================
PRIMARY PF contrast (cyclops vs meniscus): p = 0.0001499 (Cliff δ = +0.533 (large)).
H1 (patellofemoral) supported: P(delta_pf > 0 | data) = 100.0% (95% threshold). 94% HDI [+1.08, +4.02].
Topographic specificity (PF − FT) supported: P(contrast_pf_ft > 0 | data) = 100.0% (95% threshold). 94% HDI [+1.45, +4.97].
baseline S1 lesion MWU p = 0.7779  (ref ≈ 0.78)
sum-6 δ = +0.249, p = 0.088 two-sided / 0.044 one-sided  (ref δ≈0.25, p≈0.088/0.044)
inter_surgery_d median cyc=240 / mén=518  (ref 240/518)

Artefacts → E:\Projet_Solo\lino_stats\results
Total elapsed: 18.9s
